Channel,sw-11-we-0-00-BTM,G01,M00,M01,M02,M03,M04,M05,,,,M09,M10,M11,M12,M13,M14,M15,G02,M00,M01,M02,M03,M04,M05 ,,,,M09,M10,M11,M12,M13,M14,M15 ,,,,,,,,,,M25,,,,,,,,,,M35,G03,M00,M01,M02,M03,M04,M05,M06,M07,M08,M09,M10,M11,M12,M13,M14,M15,M16,M17,M18,,,,,,,,,,M28
SensorID,sw-11-we-0-00-BTM,G01,11_TH01_T,11_TH02_T,11_TH03_T,11_TH04_T,11_TH05_T,11_T06_T1,,,,,11_TH01_H,11_TH02_H,11_TH03_H,11_TH04_H,11_TH05_H,11_T06_T2,G02,11_TH09_T,11_TH10_T,11_TH11_T,11_TH12_T,11_T15_T1,T_t,,,,,11_TH09_H,11_TH10_H,11_TH11_H,11_TH12_H,11_T15_T2,RH_Uw     ,,,,,,,,,,DT_td     ,,,,,,,,,,AP_p mbar,G03,11_TH18_T,11_TH19_T,11_TH20_T,11_TH21_T,11_TH22_T,11_T23_T1,11_T24_T1,11_T25_T1,11_Q27,,11_TH18_H,11_TH19_H,11_TH20_H,11_TH21_H,11_TH22_H,11_T23_T2,11_T24_T2,11_T25_T2,11_T26.1,,,,,,,,,,11_T26.2
Unit,sw-11-we-0-00-BTM,G01,C ,C ,C ,C ,C ,C ,,,,K,%,%,%,%,%,C,G02,C ,C ,C ,C ,C ,C,,,,K,%,%,%,%,C,%,,,,,,,,,,C,,,,,,,,,,mbar,G03,C,C,C,C,C,C,C,C,W,K,%,%,%,%,%,C,C,C,C,,,,,,,,,,C
Quantity,sw-11-we-0-00-BTM,G01,T ,T,T,T,T,T,,,,T,rH,rH,rH,rH,rH,T,G02,T,T,T,T,T,T,,,,T,rH,rH,rH,rH,T,rH,,,,,,,,,,dp,,,,,,,,,,p,G03,T,T,T,T,T,T,T,T,q,T,rH,rH,rH,rH,rH,T,T,T,T,,,,,,,,,,T
GW-Max,sw-11-we-0-00-BTM,G01,,,,,,,,,,,,,,,,,G02,,,,,,,,,,,,,,,,,,,,,,,,,,,,,,,,,,,,,G03,,,,,,,,,,,,,,,,,,,,,,,,,,,,,
GW-Min,sw-11-we-0-00-BTM,G01,,,,,,,,,,,,,,,,,G02,,,,,,,,,,,,,,,,,,,,,,,,,,,,,,,,,,,,,G03,,,,,,,,,,,,,,,,,,,,,,,,,,,,,
